2024-12-09 17:08:46,816 - tests.conftest - INFO - Collected 0 test items
2024-12-09 17:08:46,867 - tests.conftest - INFO - Test session finished with 0 passed, 0 failed
